// Jest Snapshot v1, https://goo.gl/fbAQLP

exports[`App Should renders appropriately 1`] = `
<BrowserRouter>
  <div
    className="container"
  >
    <div
      className="row justify-content-md-center"
    >
      <div
        className="col-lg-6 col-md-8 col-sm-12 col-12"
      >
        <div
          className="App"
        >
          <Route
            exact={true}
            path="/"
            render={[Function]}
          />
          <Route
            exact={true}
            path="/square"
            render={[Function]}
          />
          <Route
            exact={true}
            path="/square/gallery"
            render={[Function]}
          />
        </div>
      </div>
    </div>
  </div>
</BrowserRouter>
`;
